[preview.moxcreative.com/speakup/template-kit/homepage/index.html]
[backblue.gif]
[fade.gif]
[index.html]
[preview.moxcreative.com/speakup/wp-content/plugins/bdthemes-element-pack-lite/assets/css/bdt-uikite7ad.css]
[preview.moxcreative.com/speakup/wp-content/plugins/bdthemes-element-pack-lite/assets/css/ep-helperdeba.css]
[preview.moxcreative.com/speakup/wp-content/plugins/bdthemes-prime-slider-lite/assets/css/prime-slider-site19a0.css]
[preview.moxcreative.com/speakup/wp-content/plugins/premium-addons-for-elementor/assets/frontend/min-css/premium-addons.mincd9f.css]
[preview.moxcreative.com/speakup/wp-content/plugins/template-kit-export/public/assets/css/template-kit-export-public.min365c.css]
[preview.moxcreative.com/speakup/wp-content/themes/hello-elementor/style.minc141.css]
[preview.moxcreative.com/speakup/wp-content/themes/hello-elementor/theme.minc141.css]
[preview.moxcreative.com/speakup/wp-content/plugins/elementor/assets/css/frontend-lite.min225e.css]
[preview.moxcreative.com/speakup/wp-content/uploads/sites/20/elementor/css/post-6d420.css]
[preview.moxcreative.com/speakup/wp-content/plugins/elementor/assets/lib/eicons/css/elementor-icons.min50c3.css]
[preview.moxcreative.com/speakup/wp-content/plugins/elementor/assets/lib/swiper/css/swiper.min48f5.css]
[preview.moxcreative.com/speakup/wp-content/plugins/elementor-pro/assets/css/frontend-lite.minaf6c.css]
[preview.moxcreative.com/speakup/wp-content/uploads/sites/20/elementor/css/post-1081aa2e.css]
[preview.moxcreative.com/speakup/wp-content/uploads/sites/20/elementor/css/post-36aa2e.css]
[preview.moxcreative.com/speakup/wp-content/uploads/sites/20/elementor/css/post-73aa2e.css]
[preview.moxcreative.com/speakup/wp-content/plugins/elementskit-lite/modules/elementskit-icon-pack/assets/css/ekiticons459e.css]
[preview.moxcreative.com/speakup/wp-content/plugins/elementskit-lite/widgets/init/assets/css/widget-styles459e.css]
[preview.moxcreative.com/speakup/wp-content/plugins/elementskit-lite/widgets/init/assets/css/responsive459e.css]
[preview.moxcreative.com/speakup/wp-content/plugins/essential-addons-for-elementor-lite/assets/front-end/css/view/general.min1014.css]
[preview.moxcreative.com/speakup/wp-content/plugins/elementor/assets/lib/font-awesome/css/fontawesome.min52d5.css]
[preview.moxcreative.com/speakup/wp-content/plugins/elementor/assets/lib/font-awesome/css/solid.min52d5.css]
[preview.moxcreative.com/speakup/wp-content/plugins/elementor/assets/lib/font-awesome/css/regular.min52d5.css]
[preview.moxcreative.com/speakup/wp-content/plugins/elementor/assets/lib/font-awesome/css/brands.min52d5.css]
[preview.moxcreative.com/speakup/wp-includes/js/jquery/jquery.minf43b.js]
[preview.moxcreative.com/speakup/wp-includes/js/jquery/jquery-migrate.min5589.js]
[preview.moxcreative.com/speakup/wp-content/plugins/template-kit-export/public/assets/js/template-kit-export-public.min365c.js]
[preview.moxcreative.com/speakup/wp-content/uploads/sites/20/elementor/thumbs/Logo_SpeakUp_1-1-pm3fiaic00pike22rpp51zbyc6u27ve1j909mopmv4.png]
[preview.moxcreative.com/speakup/wp-content/plugins/elementor-pro/assets/css/widget-nav-menu.min.css]
[preview.moxcreative.com/speakup/wp-content/uploads/sites/20/2022/03/happy-french-teacher-explaining-foreign-language-rules-near-blackboard-indoors-and-smiling-at-camera.jpg]
[preview.moxcreative.com/speakup/wp-content/uploads/sites/20/2022/03/friendship-concept-happy-classmates-talking-in-college-library.jpg]
[preview.moxcreative.com/speakup/wp-content/uploads/sites/20/2022/03/Discussion.png]
[preview.moxcreative.com/speakup/wp-content/plugins/elementor/assets/css/widget-icon-box.min.css]
[preview.moxcreative.com/speakup/wp-content/uploads/sites/20/2022/03/emotional-student-having-video-lesson-in-foreign-language.jpg]
[preview.moxcreative.com/speakup/wp-content/plugins/elementor/assets/css/widget-icon-list.min.css]
[preview.moxcreative.com/speakup/wp-content/plugins/elementor-pro/assets/css/widget-theme-elements.min.css]
[preview.moxcreative.com/speakup/wp-content/uploads/sites/20/2022/03/C2-300x300.jpg]
[preview.moxcreative.com/speakup/wp-content/uploads/sites/20/2022/03/diverse-people-studying-students-campus-concept-colleague-brainstorming-togethers-using-laptop-.jpg]
[preview.moxcreative.com/speakup/wp-content/uploads/sites/20/2022/03/male-teacher-helping-teenage-female-high-school-student-working-in-computer-class.jpg]
[preview.moxcreative.com/speakup/wp-content/uploads/sites/20/2022/03/group-of-teenagers-with-middle-aged-female-teacher-at-library.jpg]
[preview.moxcreative.com/speakup/wp-content/uploads/sites/20/2022/03/having-fun-and-learning-some-stuff-along-the-way.jpg]
[preview.moxcreative.com/speakup/wp-content/uploads/sites/20/2022/03/group-of-happy-young-college-students-studying.jpg]
[preview.moxcreative.com/speakup/wp-content/uploads/sites/20/2022/03/E-Book.png]
[preview.moxcreative.com/speakup/wp-content/uploads/sites/20/2022/03/Voice-Message.png]
[preview.moxcreative.com/speakup/wp-content/uploads/sites/20/2022/03/Exam.png]
[preview.moxcreative.com/speakup/wp-content/uploads/sites/20/2022/03/Headset.png]
[preview.moxcreative.com/speakup/wp-content/uploads/sites/20/2022/03/immigrants-of-different-countries-and-exchange-students-in-language-school.jpg]
[preview.moxcreative.com/speakup/wp-content/plugins/elementor-pro/assets/css/widget-carousel.min.css]
[preview.moxcreative.com/speakup/wp-content/plugins/elementor-pro/assets/css/widget-posts.min.css]
[preview.moxcreative.com/speakup/wp-content/uploads/sites/20/2022/03/smiling-young-arab-guy-student-studying-remotely-learning-language-with-european-woman-teacher.jpg]
[preview.moxcreative.com/speakup/wp-content/uploads/sites/20/2022/03/smiling-young-arab-guy-student-studying-remotely-learning-language-with-european-woman-teacher-150x150.jpg]
[preview.moxcreative.com/speakup/wp-content/uploads/sites/20/2022/03/students-learning-spanish-150x150.jpg]
[preview.moxcreative.com/speakup/wp-content/uploads/sites/20/2022/03/happy-male-teacher-giving-english-lesson-on-web-using-laptop-at-home-office-modern-remote-education-150x150.jpg]
[preview.moxcreative.com/speakup/wp-content/uploads/sites/20/elementor/thumbs/Logo_SpeakUp_2-2-pm3fibg66uqtaqd73qvm70m0jg9wuvxliukicmejgg.png]
[preview.moxcreative.com/speakup/wp-includes/js/mediaelement/mediaelementplayer-legacy.min1f61.css]
[preview.moxcreative.com/speakup/wp-includes/js/mediaelement/wp-mediaelement.min84fc.css]
[preview.moxcreative.com/speakup/wp-content/plugins/elementor/assets/lib/animations/animations.min225e.css]
[preview.moxcreative.com/speakup/wp-content/themes/hello-elementor/assets/js/hello-frontend.min8a54.js]
[preview.moxcreative.com/speakup/wp-content/plugins/elementskit-lite/libs/framework/assets/js/frontend-script459e.js]
[preview.moxcreative.com/speakup/wp-content/plugins/elementskit-lite/widgets/init/assets/js/widget-scripts459e.js]
[preview.moxcreative.com/speakup/wp-content/plugins/essential-addons-for-elementor-lite/assets/front-end/js/view/general.min1014.js]
[preview.moxcreative.com/speakup/wp-content/plugins/premium-addons-for-elementor/assets/frontend/min-js/premium-wrapper-link.mincd9f.js]
[preview.moxcreative.com/speakup/wp-content/plugins/elementor-pro/assets/lib/smartmenus/jquery.smartmenus.minf269.js]
[preview.moxcreative.com/speakup/wp-content/plugins/elementor/assets/lib/jquery-numerator/jquery-numerator.min3958.js]
[preview.moxcreative.com/speakup/wp-content/plugins/elementor/assets/lib/waypoints/waypoints.min05da.js]
[preview.moxcreative.com/speakup/wp-content/plugins/premium-addons-for-elementor/assets/frontend/min-js/lottie.mincd9f.js]
[preview.moxcreative.com/speakup/wp-content/plugins/premium-addons-for-elementor/assets/frontend/min-js/premium-addons.mincd9f.js]
[preview.moxcreative.com/speakup/wp-includes/js/mediaelement/mediaelement-and-player.min1f61.js]
[preview.moxcreative.com/speakup/wp-includes/js/mediaelement/mediaelement-migrate.min84fc.js]
[preview.moxcreative.com/speakup/wp-includes/js/mediaelement/wp-mediaelement.min84fc.js]
[preview.moxcreative.com/speakup/wp-includes/js/imagesloaded.minbb93.js]
[preview.moxcreative.com/speakup/wp-content/plugins/bdthemes-element-pack-lite/assets/js/bdt-uikit.mine7ad.js]
[preview.moxcreative.com/speakup/wp-content/plugins/elementor/assets/js/webpack.runtime.min225e.js]
[preview.moxcreative.com/speakup/wp-content/plugins/elementor/assets/js/frontend-modules.min225e.js]
[preview.moxcreative.com/speakup/wp-includes/js/jquery/ui/core.min3f14.js]
[preview.moxcreative.com/speakup/wp-content/plugins/elementor/assets/js/frontend.min225e.js]
[preview.moxcreative.com/speakup/wp-content/plugins/bdthemes-element-pack-lite/assets/js/common/helper.mindeba.js]
[preview.moxcreative.com/speakup/wp-content/plugins/elementor-pro/assets/js/webpack-pro.runtime.minaf6c.js]
[preview.moxcreative.com/speakup/wp-includes/js/dist/vendor/wp-polyfill-inert.min0226.js]
[preview.moxcreative.com/speakup/wp-includes/js/dist/vendor/regenerator-runtime.min6c85.js]
[preview.moxcreative.com/speakup/wp-includes/js/dist/vendor/wp-polyfill.min2c7c.js]
[preview.moxcreative.com/speakup/wp-includes/js/dist/hooks.min2ebd.js]
[preview.moxcreative.com/speakup/wp-includes/js/dist/i18n.minf92f.js]
[preview.moxcreative.com/speakup/wp-content/plugins/elementor-pro/assets/js/frontend.minaf6c.js]
[preview.moxcreative.com/speakup/wp-content/plugins/elementor-pro/assets/js/elements-handlers.minaf6c.js]
[preview.moxcreative.com/speakup/wp-content/plugins/bdthemes-prime-slider-lite/assets/js/prime-slider-site.min19a0.js]
[preview.moxcreative.com/speakup/wp-content/plugins/elementskit-lite/widgets/init/assets/js/animate-circle.min459e.js]
[preview.moxcreative.com/speakup/wp-content/plugins/elementskit-lite/widgets/init/assets/js/elementor459e.js]
[preview.moxcreative.com/speakup/template-kit/homepage/index.html]
[preview.moxcreative.com/speakup/wp-content/plugins/bdthemes-element-pack-lite/assets/css/bdt-uikite7ad.css]
[preview.moxcreative.com/speakup/wp-content/plugins/bdthemes-element-pack-lite/assets/css/ep-helperdeba.css]
[preview.moxcreative.com/speakup/wp-content/plugins/bdthemes-prime-slider-lite/assets/css/prime-slider-site19a0.css]
[preview.moxcreative.com/speakup/wp-content/plugins/premium-addons-for-elementor/assets/frontend/min-css/premium-addons.mincd9f.css]
[preview.moxcreative.com/speakup/wp-content/plugins/template-kit-export/public/assets/css/template-kit-export-public.min365c.css]
[preview.moxcreative.com/speakup/wp-content/themes/hello-elementor/style.minc141.css]
[preview.moxcreative.com/speakup/wp-content/themes/hello-elementor/theme.minc141.css]
[preview.moxcreative.com/speakup/wp-content/plugins/elementor/assets/css/frontend-lite.min225e.css]
[preview.moxcreative.com/speakup/wp-content/uploads/sites/20/elementor/css/post-6d420.css]
[preview.moxcreative.com/speakup/wp-content/plugins/elementor/assets/lib/eicons/css/elementor-icons.min50c3.css]
[preview.moxcreative.com/speakup/wp-content/plugins/elementor/assets/lib/swiper/css/swiper.min48f5.css]
[preview.moxcreative.com/speakup/wp-content/plugins/elementor-pro/assets/css/frontend-lite.minaf6c.css]
[preview.moxcreative.com/speakup/wp-content/plugins/elementor-pro/assets/lib/sticky/jquery.sticky.minaf6c.js]
[preview.moxcreative.com/speakup/wp-content/uploads/sites/20/2022/03/smiling-asian-girl-in-headphones-looking-at-laptop-screen-studying-at-cafe.jpg]
[preview.moxcreative.com/speakup/wp-content/uploads/sites/20/2022/03/Pattern.png]
[preview.moxcreative.com/speakup/wp-content/uploads/sites/20/2022/03/happy-student-girls-doing-project-together-on-laptop.jpg]
[preview.moxcreative.com/speakup/wp-content/uploads/sites/20/2022/03/04.jpg]
[preview.moxcreative.com/speakup/wp-content/uploads/sites/20/2022/03/Texture_01_2-e1647926972170.png]
[preview.moxcreative.com/speakup/wp-content/uploads/sites/20/elementor/css/post-1081aa2e.css]
[preview.moxcreative.com/speakup/wp-content/uploads/sites/20/elementor/css/post-36aa2e.css]
[preview.moxcreative.com/speakup/wp-content/uploads/sites/20/elementor/css/post-73aa2e.css]
[preview.moxcreative.com/speakup/wp-content/plugins/elementskit-lite/modules/elementskit-icon-pack/assets/css/ekiticons459e.css]
[preview.moxcreative.com/speakup/wp-content/plugins/elementskit-lite/widgets/init/assets/img/arrow.png]
[preview.moxcreative.com/speakup/wp-content/plugins/elementskit-lite/widgets/init/assets/img/sort_asc.png]
[preview.moxcreative.com/speakup/wp-content/plugins/elementskit-lite/widgets/init/assets/img/sort_desc.png]
[preview.moxcreative.com/speakup/wp-content/plugins/elementskit-lite/widgets/init/assets/img/sort_asc_disabled.png]
[preview.moxcreative.com/speakup/wp-content/plugins/elementskit-lite/widgets/init/assets/css/widget-styles459e.css]
[preview.moxcreative.com/speakup/wp-content/plugins/elementskit-lite/widgets/init/assets/css/responsive459e.css]
[preview.moxcreative.com/speakup/wp-content/plugins/essential-addons-for-elementor-lite/assets/front-end/css/view/general.min1014.css]
[preview.moxcreative.com/speakup/wp-content/plugins/elementor/assets/lib/font-awesome/css/fontawesome.min52d5.css]
[preview.moxcreative.com/speakup/wp-content/plugins/elementor/assets/lib/font-awesome/css/solid.min52d5.css]
[preview.moxcreative.com/speakup/wp-content/plugins/elementor/assets/lib/font-awesome/css/regular.min52d5.css]
[preview.moxcreative.com/speakup/wp-content/plugins/elementor/assets/lib/font-awesome/css/brands.min52d5.css]
[preview.moxcreative.com/speakup/wp-content/plugins/elementor-pro/assets/css/widget-nav-menu.min.css]
[preview.moxcreative.com/speakup/wp-content/plugins/elementor/assets/css/widget-icon-box.min.css]
[preview.moxcreative.com/speakup/template-kit/homepage/_data_image/svg+xml,_svg xmlns='http_/www.w3.org/2000/svg' preserveAspectRatio='none' overflow='visib/__/svg__.html]
[preview.moxcreative.com/speakup/wp-content/plugins/elementor/assets/css/widget-icon-list.min.css]
[preview.moxcreative.com/speakup/wp-content/plugins/elementor-pro/assets/css/widget-theme-elements.min.css]
[preview.moxcreative.com/speakup/wp-content/plugins/elementor-pro/assets/css/widget-carousel.min.css]
[preview.moxcreative.com/speakup/wp-content/plugins/elementor-pro/assets/css/widget-posts.min.css]
[preview.moxcreative.com/speakup/wp-includes/js/mediaelement/mediaelementplayer-legacy.min1f61.css]
[preview.moxcreative.com/speakup/wp-includes/js/mediaelement/wp-mediaelement.min84fc.css]
[preview.moxcreative.com/speakup/wp-content/plugins/elementor/assets/lib/animations/animations.min225e.css]
[preview.moxcreative.com/speakup/wp-includes/js/mediaelement/mejs-controls.svg]
[preview.moxcreative.com/speakup/wp-includes/js/mediaelement/mejs-controls.svg]
